******************************************************************************
                  TI ARM Linker PC v5.2.5                      
******************************************************************************
>> Linked Fri Dec 13 18:48:05 2019

OUTPUT FILE NAME:   <TOGGLE_LED.out>
ENTRY POINT SYMBOL: "_c_int00"  address: 0000114d


MEMORY CONFIGURATION

         name            origin    length      used     unused   attr    fill
----------------------  --------  ---------  --------  --------  ----  --------
  FLASH                 00000000   00040000  0000168c  0003e974  R  X
  SRAM                  20000000   00008000  00000224  00007ddc  RW X


SEGMENT ALLOCATION MAP

run origin  load origin   length   init length attrs members
----------  ----------- ---------- ----------- ----- -------
00000000    00000000    00001690   00001690    r-x
  00000000    00000000    0000026c   0000026c    r-- .intvecs
  0000026c    0000026c    00001246   00001246    r-x .text
  000014b4    000014b4    000001ba   000001ba    r-- .const
  00001670    00001670    00000020   00000020    r-- .cinit
20000000    20000000    00000224   00000000    rw-
  20000000    20000000    00000200   00000000    rw- .stack
  20000200    20000200    00000024   00000000    rw- .data


SECTION ALLOCATION MAP

 output                                  attributes/
section   page    origin      length       input sections
--------  ----  ----------  ----------   ----------------
.intvecs   0    00000000    0000026c     
                  00000000    0000026c     tm4c123gh6pm_startup_ccs.obj (.intvecs)

.text      0    0000026c    00001246     
                  0000026c    000004dc     uartstdio.obj (.text)
                  00000748    000001c4     simple_rx.obj (.text)
                  0000090c    00000136     driverlib.lib : can.obj (.text:CANMessageSet)
                  00000a42    00000132                   : gpio.obj (.text:GPIOPadConfigSet)
                  00000b74    00000110                   : sysctl.obj (.text:SysCtlClockGet)
                  00000c84    0000010e                   : can.obj (.text:CANMessageGet)
                  00000d92    00000002     rtsv7M4_T_le_v4SPD16_eabi.lib : i_div0.obj (.text)
                  00000d94    000000f4     driverlib.lib : sysctl.obj (.text:SysCtlClockSet)
                  00000e88    0000009c     rtsv7M4_T_le_v4SPD16_eabi.lib : memcpy_t2.obj (.text)
                  00000f24    0000007a                                   : memset_t2.obj (.text)
                  00000f9e    00000002     --HOLE-- [fill = 0]
                  00000fa0    0000006c     driverlib.lib : can.obj (.text:CANBitRateSet)
                  0000100c    0000006c     rtsv7M4_T_le_v4SPD16_eabi.lib : autoinit.obj (.text)
                  00001078    0000006a                                   : copy_decompress_rle.obj (.text)
                  000010e2    00000002     --HOLE-- [fill = 0]
                  000010e4    00000068     driverlib.lib : interrupt.obj (.text:IntEnable)
                  0000114c    00000050     rtsv7M4_T_le_v4SPD16_eabi.lib : boot.obj (.text)
                  0000119c    0000004c                                   : cpy_tbl.obj (.text)
                  000011e8    00000048     driverlib.lib : gpio.obj (.text:GPIOPinConfigure)
                  00001230    00000044     rtsv7M4_T_le_v4SPD16_eabi.lib : exit.obj (.text)
                  00001274    00000040     driverlib.lib : can.obj (.text:CANStatusGet)
                  000012b4    00000040     rtsv7M4_T_le_v4SPD16_eabi.lib : u_divt2.obj (.text)
                  000012f4    0000003a     driverlib.lib : can.obj (.text:CANInit)
                  0000132e    00000002     --HOLE-- [fill = 0]
                  00001330    00000034                   : sysctl.obj (.text:SysCtlPeripheralEnable)
                  00001364    0000002a                   : gpio.obj (.text:GPIODirModeSet)
                  0000138e    0000002a                   : can.obj (.text:_CANDataRegRead)
                  000013b8    00000024                   : can.obj (.text:_CANDataRegWrite)
                  000013dc    00000022                   : can.obj (.text:CANIntClear)
                  000013fe    00000020                   : can.obj (.text:CANIntStatus)
                  0000141e    00000002     --HOLE-- [fill = 0]
                  00001420    00000018     rtsv7M4_T_le_v4SPD16_eabi.lib : args_main.obj (.text)
                  00001438    00000014                                   : _lock.obj (.text)
                  0000144c    00000012     driverlib.lib : gpio.obj (.text:GPIOPinTypeCAN)
                  0000145e    00000012                   : gpio.obj (.text:GPIOPinTypeUART)
                  00001470    0000000e     rtsv7M4_T_le_v4SPD16_eabi.lib : copy_decompress_none.obj (.text:decompress:none)
                  0000147e    0000000c     tm4c123gh6pm_startup_ccs.obj (.text)
                  0000148a    0000000a     driverlib.lib : can.obj (.text:CANEnable)
                  00001494    00000008                   : can.obj (.text:CANIntEnable)
                  0000149c    00000006                   : sysctl.obj (.text:SysCtlDelay)
                  000014a2    00000006                   : uart.obj (.text:UARTClockSourceSet)
                  000014a8    00000006     rtsv7M4_T_le_v4SPD16_eabi.lib : copy_decompress_rle.obj (.text:decompress:rle24)
                  000014ae    00000004                                   : pre_init.obj (.text)

.const     0    000014b4    000001ba     
                  000014b4    00000090     driverlib.lib : gpio.obj (.const:g_pui32GPIOBaseAddrs)
                  00001544    00000070                   : interrupt.obj (.const)
                  000015b4    0000006c                   : sysctl.obj (.const:g_pui32Xtals)
                  00001620    00000020                   : can.obj (.const)
                  00001640    0000001c     uartstdio.obj (.const)
                  0000165c    00000012     uartstdio.obj (.const:.string)

.cinit     0    00001670    00000020     
                  00001670    0000000f     (.cinit..data.load) [load image, compression = rle]
                  0000167f    00000001     --HOLE-- [fill = 0]
                  00001680    00000008     (__TI_handler_table)
                  00001688    00000008     (__TI_cinit_table)

.init_array 
*          0    00000000    00000000     UNINITIALIZED

.stack     0    20000000    00000200     UNINITIALIZED
                  20000000    00000200     --HOLE--

.data      0    20000200    00000024     UNINITIALIZED
                  20000200    00000008     rtsv7M4_T_le_v4SPD16_eabi.lib : _lock.obj (.data)
                  20000208    00000008                                   : exit.obj (.data)
                  20000210    00000006     simple_rx.obj (.data)
                  20000216    00000002     --HOLE--
                  20000218    00000005     uartstdio.obj (.data)
                  2000021d    00000003     --HOLE--
                  20000220    00000004     rtsv7M4_T_le_v4SPD16_eabi.lib : stkdepth_vars.obj (.data)

.TI.persistent 
*          0    20000200    00000000     UNINITIALIZED


LINKER GENERATED COPY TABLES

__TI_cinit_table @ 00001688 records: 1, size/record: 8, table size: 8
	.data: load addr=00001670, load size=0000000f bytes, run addr=20000200, run size=00000024 bytes, compression=rle


LINKER GENERATED HANDLER TABLE

__TI_handler_table @ 00001680 records: 2, size/record: 4, table size: 8
	index: 0, handler: __TI_decompress_rle24
	index: 1, handler: __TI_decompress_none


GLOBAL SYMBOLS: SORTED ALPHABETICALLY BY Name 

address   name                    
-------   ----                    
00001231  C$$EXIT                 
00000fa1  CANBitRateSet           
0000148b  CANEnable               
000012f5  CANInit                 
000013dd  CANIntClear             
00001495  CANIntEnable            
00000785  CANIntHandler           
000013ff  CANIntStatus            
00000c85  CANMessageGet           
0000090d  CANMessageSet           
00001275  CANStatusGet            
00001365  GPIODirModeSet          
00000a43  GPIOPadConfigSet        
000011e9  GPIOPinConfigure        
0000144d  GPIOPinTypeCAN          
0000145f  GPIOPinTypeUART         
00000749  InitConsole             
000010e5  IntEnable               
0000147f  ResetISR                
UNDEFED   SHT$$INIT_ARRAY$$Base   
UNDEFED   SHT$$INIT_ARRAY$$Limit  
00000b75  SysCtlClockGet          
00000d95  SysCtlClockSet          
0000149d  SysCtlDelay             
00001331  SysCtlPeripheralEnable  
000014a3  UARTClockSourceSet      
0000026d  UARTStdioConfig         
000003e5  UARTgetc                
0000031f  UARTgets                
00000713  UARTprintf              
00000419  UARTvprintf             
000002cd  UARTwrite               
20000200  __STACK_END             
00000200  __STACK_SIZE            
20000200  __STACK_TOP             
00001688  __TI_CINIT_Base         
00001690  __TI_CINIT_Limit        
00001680  __TI_Handler_Table_Base 
00001688  __TI_Handler_Table_Limit
0000100d  __TI_auto_init          
20000208  __TI_cleanup_ptr        
00001471  __TI_decompress_none    
000014a9  __TI_decompress_rle24   
2000020c  __TI_dtors_ptr          
00000000  __TI_static_base__      
00000d93  __aeabi_idiv0           
00000f25  __aeabi_memclr          
00000f25  __aeabi_memclr4         
00000f25  __aeabi_memclr8         
00000e89  __aeabi_memcpy          
00000e89  __aeabi_memcpy4         
00000e89  __aeabi_memcpy8         
00000f27  __aeabi_memset          
00000f27  __aeabi_memset4         
00000f27  __aeabi_memset8         
000012b5  __aeabi_uidiv           
000012b5  __aeabi_uidivmod        
ffffffff  __binit__               
ffffffff  __c_args__              
20000000  __stack                 
00001421  _args_main              
0000114d  _c_int00                
20000200  _lock                   
00001447  _nop                    
0000143f  _register_lock          
00001439  _register_unlock        
000014af  _system_pre_init        
20000204  _unlock                 
00001235  abort                   
ffffffff  binit                   
0000119d  copy_in                 
0000123d  exit                    
20000215  g_bErrFlag              
20000214  g_bRXFlag               
00000000  g_pfnVectors            
20000210  g_ui32MsgCount          
000007d1  main                    
20000220  main_func_sp            
00000e89  memcpy                  
00000f2d  memset                  


GLOBAL SYMBOLS: SORTED BY Symbol Address 

address   name                    
-------   ----                    
00000000  __TI_static_base__      
00000000  g_pfnVectors            
00000200  __STACK_SIZE            
0000026d  UARTStdioConfig         
000002cd  UARTwrite               
0000031f  UARTgets                
000003e5  UARTgetc                
00000419  UARTvprintf             
00000713  UARTprintf              
00000749  InitConsole             
00000785  CANIntHandler           
000007d1  main                    
0000090d  CANMessageSet           
00000a43  GPIOPadConfigSet        
00000b75  SysCtlClockGet          
00000c85  CANMessageGet           
00000d93  __aeabi_idiv0           
00000d95  SysCtlClockSet          
00000e89  __aeabi_memcpy          
00000e89  __aeabi_memcpy4         
00000e89  __aeabi_memcpy8         
00000e89  memcpy                  
00000f25  __aeabi_memclr          
00000f25  __aeabi_memclr4         
00000f25  __aeabi_memclr8         
00000f27  __aeabi_memset          
00000f27  __aeabi_memset4         
00000f27  __aeabi_memset8         
00000f2d  memset                  
00000fa1  CANBitRateSet           
0000100d  __TI_auto_init          
000010e5  IntEnable               
0000114d  _c_int00                
0000119d  copy_in                 
000011e9  GPIOPinConfigure        
00001231  C$$EXIT                 
00001235  abort                   
0000123d  exit                    
00001275  CANStatusGet            
000012b5  __aeabi_uidiv           
000012b5  __aeabi_uidivmod        
000012f5  CANInit                 
00001331  SysCtlPeripheralEnable  
00001365  GPIODirModeSet          
000013dd  CANIntClear             
000013ff  CANIntStatus            
00001421  _args_main              
00001439  _register_unlock        
0000143f  _register_lock          
00001447  _nop                    
0000144d  GPIOPinTypeCAN          
0000145f  GPIOPinTypeUART         
00001471  __TI_decompress_none    
0000147f  ResetISR                
0000148b  CANEnable               
00001495  CANIntEnable            
0000149d  SysCtlDelay             
000014a3  UARTClockSourceSet      
000014a9  __TI_decompress_rle24   
000014af  _system_pre_init        
00001680  __TI_Handler_Table_Base 
00001688  __TI_CINIT_Base         
00001688  __TI_Handler_Table_Limit
00001690  __TI_CINIT_Limit        
20000000  __stack                 
20000200  __STACK_END             
20000200  __STACK_TOP             
20000200  _lock                   
20000204  _unlock                 
20000208  __TI_cleanup_ptr        
2000020c  __TI_dtors_ptr          
20000210  g_ui32MsgCount          
20000214  g_bRXFlag               
20000215  g_bErrFlag              
20000220  main_func_sp            
ffffffff  __binit__               
ffffffff  __c_args__              
ffffffff  binit                   
UNDEFED   SHT$$INIT_ARRAY$$Base   
UNDEFED   SHT$$INIT_ARRAY$$Limit  

[80 symbols]
