******************************************************************************
                  TI ARM Linker PC v5.2.5                      
******************************************************************************
>> Linked Fri Dec 13 18:21:28 2019

OUTPUT FILE NAME:   <TOGGLE_LED.out>
ENTRY POINT SYMBOL: "_c_int00"  address: 00001159


MEMORY CONFIGURATION

         name            origin    length      used     unused   attr    fill
----------------------  --------  ---------  --------  --------  ----  --------
  FLASH                 00000000   00040000  000016e8  0003e918  R  X
  SRAM                  20000000   00008000  00000224  00007ddc  RW X


SEGMENT ALLOCATION MAP

run origin  load origin   length   init length attrs members
----------  ----------- ---------- ----------- ----- -------
00000000    00000000    000016f0   000016f0    r-x
  00000000    00000000    0000026c   0000026c    r-- .intvecs
  0000026c    0000026c    000012a2   000012a2    r-x .text
  00001510    00001510    000001ba   000001ba    r-- .const
  000016d0    000016d0    00000020   00000020    r-- .cinit
20000000    20000000    00000224   00000000    rw-
  20000000    20000000    00000200   00000000    rw- .stack
  20000200    20000200    00000024   00000000    rw- .data


SECTION ALLOCATION MAP

 output                                  attributes/
section   page    origin      length       input sections
--------  ----  ----------  ----------   ----------------
.intvecs   0    00000000    0000026c     
                  00000000    0000026c     tm4c123gh6pm_startup_ccs.obj (.intvecs)

.text      0    0000026c    000012a2     
                  0000026c    000004dc     uartstdio.obj (.text)
                  00000748    00000218     simple_tx.obj (.text)
                  00000960    00000136     driverlib.lib : can.obj (.text:CANMessageSet)
                  00000a96    00000132                   : gpio.obj (.text:GPIOPadConfigSet)
                  00000bc8    00000110                   : sysctl.obj (.text:SysCtlClockGet)
                  00000cd8    000000f4                   : sysctl.obj (.text:SysCtlClockSet)
                  00000dcc    0000009c     rtsv7M4_T_le_v4SPD16_eabi.lib : memcpy_t2.obj (.text)
                  00000e68    0000007a     driverlib.lib : adc.obj (.text:ADCSequenceStepConfigure)
                  00000ee2    0000007a     rtsv7M4_T_le_v4SPD16_eabi.lib : memset_t2.obj (.text)
                  00000f5c    0000006c     driverlib.lib : can.obj (.text:CANBitRateSet)
                  00000fc8    0000006c     rtsv7M4_T_le_v4SPD16_eabi.lib : autoinit.obj (.text)
                  00001034    0000006a                                   : copy_decompress_rle.obj (.text)
                  0000109e    00000002                                   : i_div0.obj (.text)
                  000010a0    00000068     driverlib.lib : interrupt.obj (.text:IntEnable)
                  00001108    00000050                   : adc.obj (.text:ADCSequenceConfigure)
                  00001158    00000050     rtsv7M4_T_le_v4SPD16_eabi.lib : boot.obj (.text)
                  000011a8    0000004c                                   : cpy_tbl.obj (.text)
                  000011f4    00000048     driverlib.lib : gpio.obj (.text:GPIOPinConfigure)
                  0000123c    00000044     rtsv7M4_T_le_v4SPD16_eabi.lib : exit.obj (.text)
                  00001280    00000040     driverlib.lib : can.obj (.text:CANStatusGet)
                  000012c0    00000040     rtsv7M4_T_le_v4SPD16_eabi.lib : u_divt2.obj (.text)
                  00001300    0000003a     driverlib.lib : can.obj (.text:CANInit)
                  0000133a    00000002     --HOLE-- [fill = 0]
                  0000133c    00000034                   : sysctl.obj (.text:SysCtlPeripheralEnable)
                  00001370    0000002e                   : adc.obj (.text:ADCIntStatus)
                  0000139e    0000002a                   : gpio.obj (.text:GPIODirModeSet)
                  000013c8    00000024                   : can.obj (.text:_CANDataRegWrite)
                  000013ec    00000022                   : can.obj (.text:CANIntClear)
                  0000140e    00000020                   : can.obj (.text:CANIntStatus)
                  0000142e    0000001e                   : adc.obj (.text:ADCSequenceDataGet)
                  0000144c    00000018                   : adc.obj (.text:ADCProcessorTrigger)
                  00001464    00000018     rtsv7M4_T_le_v4SPD16_eabi.lib : args_main.obj (.text)
                  0000147c    00000014                                   : _lock.obj (.text)
                  00001490    00000012     driverlib.lib : gpio.obj (.text:GPIOPinTypeCAN)
                  000014a2    00000012                   : gpio.obj (.text:GPIOPinTypeUART)
                  000014b4    0000000e                   : adc.obj (.text:ADCSequenceEnable)
                  000014c2    0000000e     rtsv7M4_T_le_v4SPD16_eabi.lib : copy_decompress_none.obj (.text:decompress:none)
                  000014d0    0000000c     tm4c123gh6pm_startup_ccs.obj (.text)
                  000014dc    0000000a     driverlib.lib : adc.obj (.text:ADCIntClear)
                  000014e6    0000000a                   : can.obj (.text:CANEnable)
                  000014f0    00000008                   : can.obj (.text:CANIntEnable)
                  000014f8    00000006                   : sysctl.obj (.text:SysCtlDelay)
                  000014fe    00000006                   : uart.obj (.text:UARTClockSourceSet)
                  00001504    00000006     rtsv7M4_T_le_v4SPD16_eabi.lib : copy_decompress_rle.obj (.text:decompress:rle24)
                  0000150a    00000004                                   : pre_init.obj (.text)

.const     0    00001510    000001ba     
                  00001510    00000090     driverlib.lib : gpio.obj (.const:g_pui32GPIOBaseAddrs)
                  000015a0    00000070                   : interrupt.obj (.const)
                  00001610    0000006c                   : sysctl.obj (.const:g_pui32Xtals)
                  0000167c    00000020                   : can.obj (.const)
                  0000169c    0000001c     uartstdio.obj (.const)
                  000016b8    00000012     uartstdio.obj (.const:.string)

.cinit     0    000016d0    00000020     
                  000016d0    0000000f     (.cinit..data.load) [load image, compression = rle]
                  000016df    00000001     --HOLE-- [fill = 0]
                  000016e0    00000008     (__TI_handler_table)
                  000016e8    00000008     (__TI_cinit_table)

.init_array 
*          0    00000000    00000000     UNINITIALIZED

.stack     0    20000000    00000200     UNINITIALIZED
                  20000000    00000200     --HOLE--

.data      0    20000200    00000024     UNINITIALIZED
                  20000200    00000008     rtsv7M4_T_le_v4SPD16_eabi.lib : _lock.obj (.data)
                  20000208    00000008                                   : exit.obj (.data)
                  20000210    00000005     simple_tx.obj (.data)
                  20000215    00000003     --HOLE--
                  20000218    00000005     uartstdio.obj (.data)
                  2000021d    00000003     --HOLE--
                  20000220    00000004     rtsv7M4_T_le_v4SPD16_eabi.lib : stkdepth_vars.obj (.data)

.TI.persistent 
*          0    20000200    00000000     UNINITIALIZED


LINKER GENERATED COPY TABLES

__TI_cinit_table @ 000016e8 records: 1, size/record: 8, table size: 8
	.data: load addr=000016d0, load size=0000000f bytes, run addr=20000200, run size=00000024 bytes, compression=rle


LINKER GENERATED HANDLER TABLE

__TI_handler_table @ 000016e0 records: 2, size/record: 4, table size: 8
	index: 0, handler: __TI_decompress_rle24
	index: 1, handler: __TI_decompress_none


GLOBAL SYMBOLS: SORTED ALPHABETICALLY BY Name 

address   name                    
-------   ----                    
000014dd  ADCIntClear             
00001371  ADCIntStatus            
0000144d  ADCProcessorTrigger     
00001109  ADCSequenceConfigure    
0000142f  ADCSequenceDataGet      
000014b5  ADCSequenceEnable       
00000e69  ADCSequenceStepConfigure
0000123d  C$$EXIT                 
00000f5d  CANBitRateSet           
000014e7  CANEnable               
00001301  CANInit                 
000013ed  CANIntClear             
000014f1  CANIntEnable            
0000078f  CANIntHandler           
0000140f  CANIntStatus            
00000961  CANMessageSet           
00001281  CANStatusGet            
0000139f  GPIODirModeSet          
00000a97  GPIOPadConfigSet        
000011f5  GPIOPinConfigure        
00001491  GPIOPinTypeCAN          
000014a3  GPIOPinTypeUART         
00000749  InitConsole             
000010a1  IntEnable               
000014d1  ResetISR                
UNDEFED   SHT$$INIT_ARRAY$$Base   
UNDEFED   SHT$$INIT_ARRAY$$Limit  
00000785  SimpleDelay             
00000bc9  SysCtlClockGet          
00000cd9  SysCtlClockSet          
000014f9  SysCtlDelay             
0000133d  SysCtlPeripheralEnable  
000014ff  UARTClockSourceSet      
0000026d  UARTStdioConfig         
000003e5  UARTgetc                
0000031f  UARTgets                
00000713  UARTprintf              
00000419  UARTvprintf             
000002cd  UARTwrite               
20000200  __STACK_END             
00000200  __STACK_SIZE            
20000200  __STACK_TOP             
000016e8  __TI_CINIT_Base         
000016f0  __TI_CINIT_Limit        
000016e0  __TI_Handler_Table_Base 
000016e8  __TI_Handler_Table_Limit
00000fc9  __TI_auto_init          
20000208  __TI_cleanup_ptr        
000014c3  __TI_decompress_none    
00001505  __TI_decompress_rle24   
2000020c  __TI_dtors_ptr          
00000000  __TI_static_base__      
0000109f  __aeabi_idiv0           
00000ee3  __aeabi_memclr          
00000ee3  __aeabi_memclr4         
00000ee3  __aeabi_memclr8         
00000dcd  __aeabi_memcpy          
00000dcd  __aeabi_memcpy4         
00000dcd  __aeabi_memcpy8         
00000ee5  __aeabi_memset          
00000ee5  __aeabi_memset4         
00000ee5  __aeabi_memset8         
000012c1  __aeabi_uidiv           
000012c1  __aeabi_uidivmod        
ffffffff  __binit__               
ffffffff  __c_args__              
20000000  __stack                 
00001465  _args_main              
00001159  _c_int00                
20000200  _lock                   
0000148b  _nop                    
00001483  _register_lock          
0000147d  _register_unlock        
0000150b  _system_pre_init        
20000204  _unlock                 
00001241  abort                   
ffffffff  binit                   
000011a9  copy_in                 
00001249  exit                    
20000214  g_bErrFlag              
00000000  g_pfnVectors            
20000210  g_ui32MsgCount          
000007d5  main                    
20000220  main_func_sp            
00000dcd  memcpy                  
00000eeb  memset                  


GLOBAL SYMBOLS: SORTED BY Symbol Address 

address   name                    
-------   ----                    
00000000  __TI_static_base__      
00000000  g_pfnVectors            
00000200  __STACK_SIZE            
0000026d  UARTStdioConfig         
000002cd  UARTwrite               
0000031f  UARTgets                
000003e5  UARTgetc                
00000419  UARTvprintf             
00000713  UARTprintf              
00000749  InitConsole             
00000785  SimpleDelay             
0000078f  CANIntHandler           
000007d5  main                    
00000961  CANMessageSet           
00000a97  GPIOPadConfigSet        
00000bc9  SysCtlClockGet          
00000cd9  SysCtlClockSet          
00000dcd  __aeabi_memcpy          
00000dcd  __aeabi_memcpy4         
00000dcd  __aeabi_memcpy8         
00000dcd  memcpy                  
00000e69  ADCSequenceStepConfigure
00000ee3  __aeabi_memclr          
00000ee3  __aeabi_memclr4         
00000ee3  __aeabi_memclr8         
00000ee5  __aeabi_memset          
00000ee5  __aeabi_memset4         
00000ee5  __aeabi_memset8         
00000eeb  memset                  
00000f5d  CANBitRateSet           
00000fc9  __TI_auto_init          
0000109f  __aeabi_idiv0           
000010a1  IntEnable               
00001109  ADCSequenceConfigure    
00001159  _c_int00                
000011a9  copy_in                 
000011f5  GPIOPinConfigure        
0000123d  C$$EXIT                 
00001241  abort                   
00001249  exit                    
00001281  CANStatusGet            
000012c1  __aeabi_uidiv           
000012c1  __aeabi_uidivmod        
00001301  CANInit                 
0000133d  SysCtlPeripheralEnable  
00001371  ADCIntStatus            
0000139f  GPIODirModeSet          
000013ed  CANIntClear             
0000140f  CANIntStatus            
0000142f  ADCSequenceDataGet      
0000144d  ADCProcessorTrigger     
00001465  _args_main              
0000147d  _register_unlock        
00001483  _register_lock          
0000148b  _nop                    
00001491  GPIOPinTypeCAN          
000014a3  GPIOPinTypeUART         
000014b5  ADCSequenceEnable       
000014c3  __TI_decompress_none    
000014d1  ResetISR                
000014dd  ADCIntClear             
000014e7  CANEnable               
000014f1  CANIntEnable            
000014f9  SysCtlDelay             
000014ff  UARTClockSourceSet      
00001505  __TI_decompress_rle24   
0000150b  _system_pre_init        
000016e0  __TI_Handler_Table_Base 
000016e8  __TI_CINIT_Base         
000016e8  __TI_Handler_Table_Limit
000016f0  __TI_CINIT_Limit        
20000000  __stack                 
20000200  __STACK_END             
20000200  __STACK_TOP             
20000200  _lock                   
20000204  _unlock                 
20000208  __TI_cleanup_ptr        
2000020c  __TI_dtors_ptr          
20000210  g_ui32MsgCount          
20000214  g_bErrFlag              
20000220  main_func_sp            
ffffffff  __binit__               
ffffffff  __c_args__              
ffffffff  binit                   
UNDEFED   SHT$$INIT_ARRAY$$Base   
UNDEFED   SHT$$INIT_ARRAY$$Limit  

[86 symbols]
